Mono path[0] = 'C:/Users/nefve/Downloads/Windows/Windows/Digital Logic Sim_Data/Managed'
Mono config path = 'C:/Users/nefve/Downloads/Windows/Windows/MonoBleedingEdge/etc'
Initialize engine version: 2022.2.2f1 (c93c5d3acf5b)
[Subsystems] Discovering subsystems at path C:/Users/nefve/Downloads/Windows/Windows/Digital Logic Sim_Data/UnitySubsystems
GfxDevice: creating device client; threaded=1; jobified=1
Direct3D:
    Version:  Direct3D 11.0 [level 11.1]
    Renderer: Intel(R) Iris(R) Xe Graphics (ID=0x9a49)
    Vendor:   Intel
    VRAM:     8051 MB
    Driver:   32.0.101.7085
Begin MonoManager ReloadAssembly
- Loaded All Assemblies, in  0.144 seconds
- Finished resetting the current domain, in  0.001 seconds
<RI> Initializing input.
XInput1_3.dll not found. Trying XInput9_1_0.dll instead...
<RI> Input initialized.
<RI> Initialized touch support.
The referenced script on this Behaviour (Game Object 'Menu Manager') is missing!
UnloadTime: 1.371500 ms
Unloading 6 Unused Serialized files (Serialized files now loaded: 0)
UnloadTime: 8.133800 ms
Unloading 28 unused Assets to reduce memory usage. Loaded Objects now: 937.
Total: 0.796100 ms (FindLiveObjects: 0.081000 ms CreateObjectMapping: 0.028100 ms MarkObjects: 0.644100 ms  DeleteObjects: 0.042500 ms)

Unloading 5 Unused Serialized files (Serialized files now loaded: 0)
UnloadTime: 0.940400 ms
Load time: 3
This directory path : C:/Users/nefve/AppData/LocalLow/Sebastian Lague _ Lime inc_/Digital Logic Sim\SaveData\f.The global directory path : C:/Users/nefve/AppData/LocalLow/Sebastian Lague _ Lime inc_/Digital Logic Sim\SaveData\Global
Unloading 4 unused Assets to reduce memory usage. Loaded Objects now: 3922.
Total: 23.290700 ms (FindLiveObjects: 0.265300 ms CreateObjectMapping: 0.723200 ms MarkObjects: 2.277100 ms  DeleteObjects: 20.024600 ms)

True
IndexOutOfRangeException: Index was outside the bounds of the array.
  at Keyboard.Update () [0x00044] in <cc3a68c92f6640f49c49d906c96402d2>:0 

True
IndexOutOfRangeException: Index was outside the bounds of the array.
  at Keyboard.Update () [0x00044] in <cc3a68c92f6640f49c49d906c96402d2>:0 

True
IndexOutOfRangeException: Index was outside the bounds of the array.
  at Keyboard.Update () [0x00044] in <cc3a68c92f6640f49c49d906c96402d2>:0 

True
IndexOutOfRangeException: Index was outside the bounds of the array.
  at Keyboard.Update () [0x00044] in <cc3a68c92f6640f49c49d906c96402d2>:0 

False
False
False
False
False
False
False
False
False
False
False
False
False
False
False
False
False
False
False
False
False
False
False
False
False
False
False
True
IndexOutOfRangeException: Index was outside the bounds of the array.
  at Keyboard.Update () [0x00044] in <cc3a68c92f6640f49c49d906c96402d2>:0 

True
IndexOutOfRangeException: Index was outside the bounds of the array.
  at Keyboard.Update () [0x00044] in <cc3a68c92f6640f49c49d906c96402d2>:0 

True
IndexOutOfRangeException: Index was outside the bounds of the array.
  at Keyboard.Update () [0x00044] in <cc3a68c92f6640f49c49d906c96402d2>:0 

True
IndexOutOfRangeException: Index was outside the bounds of the array.
  at Keyboard.Update () [0x00044] in <cc3a68c92f6640f49c49d906c96402d2>:0 

True
IndexOutOfRangeException: Index was outside the bounds of the array.
  at Keyboard.Update () [0x00044] in <cc3a68c92f6640f49c49d906c96402d2>:0 

True
IndexOutOfRangeException: Index was outside the bounds of the array.
  at Keyboard.Update () [0x00044] in <cc3a68c92f6640f49c49d906c96402d2>:0 

True
IndexOutOfRangeException: Index was outside the bounds of the array.
  at Keyboard.Update () [0x00044] in <cc3a68c92f6640f49c49d906c96402d2>:0 

False
False
False
False
False
False
False
False
False
False
False
False
False
False
False
False
False
False
False
False
False
False
False
False
False
False
False
False
False
False
False
False
False
False
False
False
False
False
False
False
False
False
False
False
False
False
False
False
False
False
False
False
False
False
False
False
False
False
False
False
False
False
False
False
False
False
False
False
False
False
False
False
False
False
False
False
False
False
False
False
False
False
False
False
False
False
False
False
False
False
False
False
False
False
False
False
False
False
False
False
False
False
False
True
IndexOutOfRangeException: Index was outside the bounds of the array.
  at Keyboard.Update () [0x00044] in <cc3a68c92f6640f49c49d906c96402d2>:0 

True
IndexOutOfRangeException: Index was outside the bounds of the array.
  at Keyboard.Update () [0x00044] in <cc3a68c92f6640f49c49d906c96402d2>:0 

True
IndexOutOfRangeException: Index was outside the bounds of the array.
  at Keyboard.Update () [0x00044] in <cc3a68c92f6640f49c49d906c96402d2>:0 

True
IndexOutOfRangeException: Index was outside the bounds of the array.
  at Keyboard.Update () [0x00044] in <cc3a68c92f6640f49c49d906c96402d2>:0 

False
False
False
False
False
False
False
False
False
False
False
False
False
False
False
False
False
False
False
False
False
False
False
False
False
False
False
False
False
False
False
False
False
False
False
False
False
False
False
False
False
False
False
False
False
False
False
False
False
False
False
False
False
False
False
False
False
False
False
False
False
False
False
False
False
False
True
IndexOutOfRangeException: Index was outside the bounds of the array.
  at Keyboard.Update () [0x00044] in <cc3a68c92f6640f49c49d906c96402d2>:0 

True
IndexOutOfRangeException: Index was outside the bounds of the array.
  at Keyboard.Update () [0x00044] in <cc3a68c92f6640f49c49d906c96402d2>:0 

True
IndexOutOfRangeException: Index was outside the bounds of the array.
  at Keyboard.Update () [0x00044] in <cc3a68c92f6640f49c49d906c96402d2>:0 

True
IndexOutOfRangeException: Index was outside the bounds of the array.
  at Keyboard.Update () [0x00044] in <cc3a68c92f6640f49c49d906c96402d2>:0 

True
IndexOutOfRangeException: Index was outside the bounds of the array.
  at Keyboard.Update () [0x00044] in <cc3a68c92f6640f49c49d906c96402d2>:0 

True
IndexOutOfRangeException: Index was outside the bounds of the array.
  at Keyboard.Update () [0x00044] in <cc3a68c92f6640f49c49d906c96402d2>:0 

True
IndexOutOfRangeException: Index was outside the bounds of the array.
  at Keyboard.Update () [0x00044] in <cc3a68c92f6640f49c49d906c96402d2>:0 

True
IndexOutOfRangeException: Index was outside the bounds of the array.
  at Keyboard.Update () [0x00044] in <cc3a68c92f6640f49c49d906c96402d2>:0 

True
IndexOutOfRangeException: Index was outside the bounds of the array.
  at Keyboard.Update () [0x00044] in <cc3a68c92f6640f49c49d906c96402d2>:0 

True
IndexOutOfRangeException: Index was outside the bounds of the array.
  at Keyboard.Update () [0x00044] in <cc3a68c92f6640f49c49d906c96402d2>:0 

True
IndexOutOfRangeException: Index was outside the bounds of the array.
  at Keyboard.Update () [0x00044] in <cc3a68c92f6640f49c49d906c96402d2>:0 

True
IndexOutOfRangeException: Index was outside the bounds of the array.
  at Keyboard.Update () [0x00044] in <cc3a68c92f6640f49c49d906c96402d2>:0 

True
IndexOutOfRangeException: Index was outside the bounds of the array.
  at Keyboard.Update () [0x00044] in <cc3a68c92f6640f49c49d906c96402d2>:0 

True
IndexOutOfRangeException: Index was outside the bounds of the array.
  at Keyboard.Update () [0x00044] in <cc3a68c92f6640f49c49d906c96402d2>:0 

True
IndexOutOfRangeException: Index was outside the bounds of the array.
  at Keyboard.Update () [0x00044] in <cc3a68c92f6640f49c49d906c96402d2>:0 

False
False
False
False
False
False
False
False
False
False
False
False
False
False
False
False
False
False
False
False
False
False
False
False
False
False
False
False
True
IndexOutOfRangeException: Index was outside the bounds of the array.
  at Keyboard.Update () [0x00044] in <cc3a68c92f6640f49c49d906c96402d2>:0 

True
IndexOutOfRangeException: Index was outside the bounds of the array.
  at Keyboard.Update () [0x00044] in <cc3a68c92f6640f49c49d906c96402d2>:0 

True
IndexOutOfRangeException: Index was outside the bounds of the array.
  at Keyboard.Update () [0x00044] in <cc3a68c92f6640f49c49d906c96402d2>:0 

True
IndexOutOfRangeException: Index was outside the bounds of the array.
  at Keyboard.Update () [0x00044] in <cc3a68c92f6640f49c49d906c96402d2>:0 

True
IndexOutOfRangeException: Index was outside the bounds of the array.
  at Keyboard.Update () [0x00044] in <cc3a68c92f6640f49c49d906c96402d2>:0 

True
IndexOutOfRangeException: Index was outside the bounds of the array.
  at Keyboard.Update () [0x00044] in <cc3a68c92f6640f49c49d906c96402d2>:0 

True
IndexOutOfRangeException: Index was outside the bounds of the array.
  at Keyboard.Update () [0x00044] in <cc3a68c92f6640f49c49d906c96402d2>:0 

False
False
False
False
False
False
False
False
False
False
False
False
False
False
False
False
False
False
False
False
False
False
False
False
False
False
False
False
False
False
False
False
False
False
False
False
False
False
False
False
False
False
False
False
False
False
False
False
False
False
False
False
False
False
False
False
False
False
False
False
False
False
False
False
False
False
False
False
False
False
False
False
False
False
False
False
False
False
False
False
False
False
False
False
False
False
False
False
False
False
False
False
True
IndexOutOfRangeException: Index was outside the bounds of the array.
  at Keyboard.Update () [0x00044] in <cc3a68c92f6640f49c49d906c96402d2>:0 

True
IndexOutOfRangeException: Index was outside the bounds of the array.
  at Keyboard.Update () [0x00044] in <cc3a68c92f6640f49c49d906c96402d2>:0 

True
IndexOutOfRangeException: Index was outside the bounds of the array.
  at Keyboard.Update () [0x00044] in <cc3a68c92f6640f49c49d906c96402d2>:0 

True
IndexOutOfRangeException: Index was outside the bounds of the array.
  at Keyboard.Update () [0x00044] in <cc3a68c92f6640f49c49d906c96402d2>:0 

True
IndexOutOfRangeException: Index was outside the bounds of the array.
  at Keyboard.Update () [0x00044] in <cc3a68c92f6640f49c49d906c96402d2>:0 

True
IndexOutOfRangeException: Index was outside the bounds of the array.
  at Keyboard.Update () [0x00044] in <cc3a68c92f6640f49c49d906c96402d2>:0 

False
False
False
False
False
False
False
False
False
False
False
False
False
False
False
False
False
False
False
False
False
False
False
False
False
False
False
False
False
True
IndexOutOfRangeException: Index was outside the bounds of the array.
  at Keyboard.Update () [0x00044] in <cc3a68c92f6640f49c49d906c96402d2>:0 

True
IndexOutOfRangeException: Index was outside the bounds of the array.
  at Keyboard.Update () [0x00044] in <cc3a68c92f6640f49c49d906c96402d2>:0 

True
IndexOutOfRangeException: Index was outside the bounds of the array.
  at Keyboard.Update () [0x00044] in <cc3a68c92f6640f49c49d906c96402d2>:0 

True
IndexOutOfRangeException: Index was outside the bounds of the array.
  at Keyboard.Update () [0x00044] in <cc3a68c92f6640f49c49d906c96402d2>:0 

True
IndexOutOfRangeException: Index was outside the bounds of the array.
  at Keyboard.Update () [0x00044] in <cc3a68c92f6640f49c49d906c96402d2>:0 

False
False
False
False
False
False
False
False
False
False
False
False
False
False
False
False
False
False
False
False
False
False
False
False
False
False
False
False
False
False
False
False
False
False
False
False
False
False
False
False
False
False
False
False
False
False
False
False
False
False
False
False
False
False
False
False
False
False
False
False
False
False
False
False
False
False
False
False
False
False
False
False
False
False
False
False
False
False
False
False
False
False
False
False
False
False
False
False
False
False
False
False
False
False
False
False
Contain 7 segment display
Setting up 4 worker threads for Enlighten.
Memory Statistics:
[ALLOC_TEMP_TLS] TLS Allocator
  StackAllocators : 
    [ALLOC_TEMP_MAIN]
      Peak usage frame count: [0-1.0 KB]: 237 frames, [2.0 KB-4.0 KB]: 971 frames, [4.0 KB-8.0 KB]: 12 frames, [8.0 KB-16.0 KB]: 1345 frames, [16.0 KB-32.0 KB]: 1 frames, [32.0 KB-64.0 KB]: 2 frames, [64.0 KB-128.0 KB]: 1 frames, [256.0 KB-0.5 MB]: 1 frames, [2.0 MB-4.0 MB]: 1 frames
      Initial Block Size 4.0 MB
      Current Block Size 4.0 MB
      Peak Allocated Bytes 2.0 MB
      Overflow Count 0
    [ALLOC_TEMP_Background Job.worker 11]
      Initial Block Size 32.0 KB
      Current Block Size 32.0 KB
      Peak Allocated Bytes 54 B
      Overflow Count 0
    [ALLOC_TEMP_Loading.PreloadManager]
      Initial Block Size 256.0 KB
      Current Block Size 508.0 KB
      Peak Allocated Bytes 484.7 KB
      Overflow Count 21
    [ALLOC_TEMP_Background Job.worker 3]
      Initial Block Size 32.0 KB
      Current Block Size 32.0 KB
      Peak Allocated Bytes 54 B
      Overflow Count 0
    [ALLOC_TEMP_Background Job.worker 4]
      Initial Block Size 32.0 KB
      Current Block Size 32.0 KB
      Peak Allocated Bytes 54 B
      Overflow Count 0
    [ALLOC_TEMP_Background Job.worker 7]
      Initial Block Size 32.0 KB
      Current Block Size 32.0 KB
      Peak Allocated Bytes 54 B
      Overflow Count 0
    [ALLOC_TEMP_Background Job.worker 6]
      Initial Block Size 32.0 KB
      Current Block Size 32.0 KB
      Peak Allocated Bytes 54 B
      Overflow Count 0
    [ALLOC_TEMP_CloudJob.worker 0]
      Initial Block Size 32.0 KB
      Current Block Size 32.0 KB
      Peak Allocated Bytes 3.4 KB
      Overflow Count 0
    [ALLOC_TEMP_Background Job.worker 12]
      Initial Block Size 32.0 KB
      Current Block Size 32.0 KB
      Peak Allocated Bytes 54 B
      Overflow Count 0
    [ALLOC_TEMP_Background Job.worker 2]
      Initial Block Size 32.0 KB
      Current Block Size 32.0 KB
      Peak Allocated Bytes 54 B
      Overflow Count 0
    [ALLOC_TEMP_Background Job.worker 9]
      Initial Block Size 32.0 KB
      Current Block Size 32.0 KB
      Peak Allocated Bytes 54 B
      Overflow Count 0
    [ALLOC_TEMP_Job.worker 0]
      Initial Block Size 256.0 KB
      Current Block Size 256.0 KB
      Peak Allocated Bytes 27.0 KB
      Overflow Count 0
    [ALLOC_TEMP_Job.worker 4]
      Initial Block Size 256.0 KB
      Current Block Size 256.0 KB
      Peak Allocated Bytes 25.7 KB
      Overflow Count 0
    [ALLOC_TEMP_Job.worker 5]
      Initial Block Size 256.0 KB
      Current Block Size 256.0 KB
      Peak Allocated Bytes 24.8 KB
      Overflow Count 0
    [ALLOC_TEMP_Background Job.worker 8]
      Initial Block Size 32.0 KB
      Current Block Size 32.0 KB
      Peak Allocated Bytes 54 B
      Overflow Count 0
    [ALLOC_TEMP_Background Job.worker 15]
      Initial Block Size 32.0 KB
      Current Block Size 32.0 KB
      Peak Allocated Bytes 54 B
      Overflow Count 0
    [ALLOC_TEMP_Background Job.worker 1]
      Initial Block Size 32.0 KB
      Current Block Size 32.0 KB
      Peak Allocated Bytes 54 B
      Overflow Count 0
    [ALLOC_TEMP_EnlightenWorker] x 4
      Initial Block Size 64.0 KB
      Current Block Size 64.0 KB
      Peak Allocated Bytes 54 B
      Overflow Count 0
    [ALLOC_TEMP_Job.worker 1]
      Initial Block Size 256.0 KB
      Current Block Size 256.0 KB
      Peak Allocated Bytes 25.9 KB
      Overflow Count 0
    [ALLOC_TEMP_Job.worker 3]
      Initial Block Size 256.0 KB
      Current Block Size 256.0 KB
      Peak Allocated Bytes 25.3 KB
      Overflow Count 0
    [ALLOC_TEMP_Background Job.worker 5]
      Initial Block Size 32.0 KB
      Current Block Size 32.0 KB
      Peak Allocated Bytes 54 B
      Overflow Count 0
    [ALLOC_TEMP_Background Job.worker 13]
      Initial Block Size 32.0 KB
      Current Block Size 32.0 KB
      Peak Allocated Bytes 54 B
      Overflow Count 0
    [ALLOC_TEMP_UnityGfxDeviceWorker]
      Initial Block Size 256.0 KB
      Current Block Size 256.0 KB
      Peak Allocated Bytes 13.3 KB
      Overflow Count 0
    [ALLOC_TEMP_AssetGarbageCollectorHelper] x 7
      Initial Block Size 64.0 KB
      Current Block Size 64.0 KB
      Peak Allocated Bytes 138 B
      Overflow Count 0
    [ALLOC_TEMP_Background Job.worker 10]
      Initial Block Size 32.0 KB
      Current Block Size 32.0 KB
      Peak Allocated Bytes 54 B
      Overflow Count 0
    [ALLOC_TEMP_Job.worker 2]
      Initial Block Size 256.0 KB
      Current Block Size 256.0 KB
      Peak Allocated Bytes 25.9 KB
      Overflow Count 0
    [ALLOC_TEMP_Background Job.worker 0]
      Initial Block Size 32.0 KB
      Current Block Size 32.0 KB
      Peak Allocated Bytes 1.6 KB
      Overflow Count 0
    [ALLOC_TEMP_Job.worker 6]
      Initial Block Size 256.0 KB
      Current Block Size 256.0 KB
      Peak Allocated Bytes 25.5 KB
      Overflow Count 0
    [ALLOC_TEMP_Background Job.worker 14]
      Initial Block Size 32.0 KB
      Current Block Size 32.0 KB
      Peak Allocated Bytes 54 B
      Overflow Count 0
    [ALLOC_TEMP_Loading.AsyncRead]
      Initial Block Size 64.0 KB
      Current Block Size 64.0 KB
      Peak Allocated Bytes 285 B
      Overflow Count 0
    [ALLOC_TEMP_BatchDeleteObjects]
      Initial Block Size 64.0 KB
      Current Block Size 64.0 KB
      Peak Allocated Bytes 54 B
      Overflow Count 0
[ALLOC_DEFAULT] Dual Thread Allocator
  Peak main deferred allocation count 462
    [ALLOC_BUCKET]
      Large Block size 4.0 MB
      Used Block count 1
      Peak Allocated bytes 1.6 MB
    [ALLOC_DEFAULT_MAIN]
      Peak usage frame count: [16.0 MB-32.0 MB]: 2571 frames
      Requested Block Size 16.0 MB
      Peak Block count 2
      Peak Allocated memory 26.3 MB
      Peak Large allocation bytes 8.0 MB
    [ALLOC_DEFAULT_THREAD]
      Peak usage frame count: [16.0 MB-32.0 MB]: 2571 frames
      Requested Block Size 16.0 MB
      Peak Block count 1
      Peak Allocated memory 22.6 MB
      Peak Large allocation bytes 16.0 MB
[ALLOC_TEMP_JOB_1_FRAME]
  Initial Block Size 2.0 MB
  Used Block Count 0
  Overflow Count (too large) 0
  Overflow Count (full) 0
[ALLOC_TEMP_JOB_2_FRAMES]
  Initial Block Size 2.0 MB
  Used Block Count 0
  Overflow Count (too large) 0
  Overflow Count (full) 0
[ALLOC_TEMP_JOB_4_FRAMES (JobTemp)]
  Initial Block Size 2.0 MB
  Used Block Count 1
  Overflow Count (too large) 0
  Overflow Count (full) 0
[ALLOC_TEMP_JOB_ASYNC (Background)]
  Initial Block Size 1.0 MB
  Used Block Count 1
  Overflow Count (too large) 0
  Overflow Count (full) 0
[ALLOC_GFX] Dual Thread Allocator
  Peak main deferred allocation count 1
    [ALLOC_BUCKET]
      Large Block size 4.0 MB
      Used Block count 1
      Peak Allocated bytes 1.6 MB
    [ALLOC_GFX_MAIN]
      Peak usage frame count: [32.0 KB-64.0 KB]: 2 frames, [64.0 KB-128.0 KB]: 1062 frames, [128.0 KB-256.0 KB]: 858 frames, [256.0 KB-0.5 MB]: 412 frames, [0.5 MB-1.0 MB]: 236 frames, [1.0 MB-2.0 MB]: 1 frames
      Requested Block Size 16.0 MB
      Peak Block count 1
      Peak Allocated memory 1.1 MB
      Peak Large allocation bytes 0 B
    [ALLOC_GFX_THREAD]
      Peak usage frame count: [256.0 KB-0.5 MB]: 1223 frames, [0.5 MB-1.0 MB]: 1348 frames
      Requested Block Size 16.0 MB
      Peak Block count 1
      Peak Allocated memory 0.5 MB
      Peak Large allocation bytes 0 B
[ALLOC_CACHEOBJECTS] Dual Thread Allocator
  Peak main deferred allocation count 31
    [ALLOC_BUCKET]
      Large Block size 4.0 MB
      Used Block count 1
      Peak Allocated bytes 1.6 MB
    [ALLOC_CACHEOBJECTS_MAIN]
      Peak usage frame count: [1.0 MB-2.0 MB]: 2571 frames
      Requested Block Size 4.0 MB
      Peak Block count 1
      Peak Allocated memory 1.4 MB
      Peak Large allocation bytes 0 B
    [ALLOC_CACHEOBJECTS_THREAD]
      Peak usage frame count: [0.5 MB-1.0 MB]: 1219 frames, [1.0 MB-2.0 MB]: 2 frames, [2.0 MB-4.0 MB]: 1348 frames, [4.0 MB-8.0 MB]: 2 frames
      Requested Block Size 4.0 MB
      Peak Block count 2
      Peak Allocated memory 4.3 MB
      Peak Large allocation bytes 0 B
[ALLOC_TYPETREE] Dual Thread Allocator
  Peak main deferred allocation count 0
    [ALLOC_BUCKET]
      Large Block size 4.0 MB
      Used Block count 1
      Peak Allocated bytes 1.6 MB
    [ALLOC_TYPETREE_MAIN]
      Peak usage frame count: [8.0 KB-16.0 KB]: 2571 frames
      Requested Block Size 2.0 MB
      Peak Block count 1
      Peak Allocated memory 16.3 KB
      Peak Large allocation bytes 0 B
    [ALLOC_TYPETREE_THREAD]
      Peak usage frame count: [16.0 KB-32.0 KB]: 2571 frames
      Requested Block Size 2.0 MB
      Peak Block count 1
      Peak Allocated memory 19.1 KB
      Peak Large allocation bytes 0 B
